============================= test session starts ==============================
platform darwin -- Python 3.11.8, pytest-9.0.2, pluggy-1.6.0
rootdir: /Users/riad/Thermo-core
plugins: playwright-0.7.2, base-url-2.1.0
collected 1 item

tests/test_e2e.py .                                                      [100%]

=============================== warnings summary ===============================
<frozen importlib._bootstrap>:241
<frozen importlib._bootstrap>:241
  <frozen importlib._bootstrap>:241: DeprecationWarning: builtin type SwigPyPacked has no __module__ attribute

<frozen importlib._bootstrap>:241
<frozen importlib._bootstrap>:241
  <frozen importlib._bootstrap>:241: DeprecationWarning: builtin type SwigPyObject has no __module__ attribute

<frozen importlib._bootstrap>:241
  <frozen importlib._bootstrap>:241: DeprecationWarning: builtin type swigvarlink has no __module__ attribute

-- Docs: https://docs.pytest.org/en/stable/how-to/capture-warnings.html
======================== 1 passed, 5 warnings in 5.69s =========================
sys:1: DeprecationWarning: builtin type swigvarlink has no __module__ attribute
